[1m[31m[Type Error] [39m[22m[0m[1m[l: 10, c: 3] [22m[0mb is not a member of type IdentifierNode<name: b>.
[0m