[1m[31m[Type Error] [39m[22m[0m[1m[l: 8, c: 18] [22m[0mAttempt to assign nontrivial value to a type variable.
[0m