ProgramNode<#body: 1>
  VariableDeclarationNode<name: myE>
    EnumerableTypeNode<of: PrimitiveTypeNode<of: TNUM>>
    EnumerationLiteralExpressionNode<#actuals: 0>
[32m[SUCCESS] [0mParsed input program.
[0m