NUMBER [l: 1, c: 1]->[l: 1, c: 7]
ID [l: 1, c: 8]->[l: 1, c: 13]
ASSIGN [l: 1, c: 14]->[l: 1, c: 15]
NUMBERLITERAL [l: 1, c: 16]->[l: 1, c: 17]
MULTIPLY [l: 1, c: 18]->[l: 1, c: 19]
LPAREN [l: 1, c: 20]->[l: 1, c: 21]
NUMBERLITERAL [l: 1, c: 21]->[l: 1, c: 22]
ADD [l: 1, c: 23]->[l: 1, c: 24]
NUMBERLITERAL [l: 1, c: 25]->[l: 1, c: 26]
RPAREN [l: 1, c: 26]->[l: 1, c: 27]
SEMICOLON [l: 1, c: 27]->[l: 1, c: 28]
NUMBER [l: 3, c: 1]->[l: 3, c: 7]
ID [l: 3, c: 8]->[l: 3, c: 14]
ASSIGN [l: 3, c: 15]->[l: 3, c: 16]
NUMBERLITERAL [l: 3, c: 17]->[l: 3, c: 18]
ADD [l: 3, c: 19]->[l: 3, c: 20]
ID [l: 3, c: 21]->[l: 3, c: 26]
SEMICOLON [l: 3, c: 26]->[l: 3, c: 27]
ID [l: 5, c: 1]->[l: 5, c: 6]
ASSIGN [l: 5, c: 7]->[l: 5, c: 8]
LPAREN [l: 5, c: 9]->[l: 5, c: 10]
NUMBERLITERAL [l: 5, c: 10]->[l: 5, c: 11]
MULTIPLY [l: 5, c: 12]->[l: 5, c: 13]
NUMBERLITERAL [l: 5, c: 14]->[l: 5, c: 15]
RPAREN [l: 5, c: 15]->[l: 5, c: 16]
SUBTRACT [l: 5, c: 17]->[l: 5, c: 18]
NUMBERLITERAL [l: 5, c: 19]->[l: 5, c: 20]
SEMICOLON [l: 5, c: 20]->[l: 5, c: 21]
ID [l: 7, c: 1]->[l: 7, c: 7]
ASSIGN [l: 7, c: 8]->[l: 7, c: 9]
ID [l: 7, c: 10]->[l: 7, c: 15]
SUBTRACT [l: 7, c: 16]->[l: 7, c: 17]
LPAREN [l: 7, c: 18]->[l: 7, c: 19]
NUMBERLITERAL [l: 7, c: 19]->[l: 7, c: 20]
ADD [l: 7, c: 21]->[l: 7, c: 22]
NUMBERLITERAL [l: 7, c: 23]->[l: 7, c: 24]
RPAREN [l: 7, c: 24]->[l: 7, c: 25]
SEMICOLON [l: 7, c: 25]->[l: 7, c: 26]
EOF