[32m[SUCCESS] [0mTest passed: 035_isa_serialize
[0m