[32m[SUCCESS] [0mTest passed: 028_redis_basics
[0m