digraph cfg {
	"Top" [shape=rectangle,label="Top\nBEGINFN<Location<f:FUNC_0>, TypeReference<RESOURCE<Primitive<VOID>>>>\nASSIGNVALUE<Location<l:tmp1>, Location<f:FUNC_0>>\nASSIGNVALUE<Location<l:var_tag>, Location<f:FUNC_0>>\nBEGINFN<Location<f:FUNC_2>, TypeReference<Primitive<VOID>>>\nASSIGNVALUE<Location<l:tmp3>, Location<f:FUNC_2>>\nASSIGNVALUE<Location<l:var_log>, Location<f:FUNC_2>>\nASSIGNEVAL<Location<l:tmp4>, ENUMINIT<TypeReference<Primitive<NUMBER>>>>\nASSIGNVALUE<Location<l:tmp5>, NumberReference<1.000000>>\nENUMAPPEND<NumberReference<1.000000>, Location<l:tmp4>>\nASSIGNVALUE<Location<l:tmp6>, NumberReference<2.000000>>\nENUMAPPEND<NumberReference<2.000000>, Location<l:tmp4>>\nASSIGNVALUE<Location<l:tmp7>, NumberReference<3.000000>>\nENUMAPPEND<NumberReference<3.000000>, Location<l:tmp4>>\nASSIGNEVAL<Location<l:var_t1>, ENUMINIT<TypeReference<Primitive<NUMBER>>>>\nASSIGNEVAL<Location<l:tmp8>, ENUMINIT<TypeReference<ENUMERABLE<Primitive<STRING>>>>>\nASSIGNEVAL<Location<s:var_t2>, ENUMINIT<TypeReference<ENUMERABLE<Primitive<STRING>>>>>\nASSIGNVALUE<Location<l:tmp9>, NumberReference<4.000000>>\nASSIGNVALUE<Location<l:var_t3>, NumberReference<4.000000>>\nASSIGNVALUE<Location<l:tmp10>, StringReference<zoinks>>\nASSIGNVALUE<Location<s:var_t4>, StringReference<zoinks>>\nASSIGNEVAL<Location<l:tmp11>, MAPINIT<TypeReference<Primitive<NUMBER> :: Primitive<NUMBER>>>>\nASSIGNEVAL<Location<l:var_t5>, MAPINIT<TypeReference<Primitive<NUMBER> :: Primitive<NUMBER>>>>\nASSIGNEVAL<Location<l:tmp12>, MAPINIT<TypeReference<ENUMERABLE<Primitive<NUMBER> :: Primitive<STRING>>>>>\nASSIGNEVAL<Location<l:tmp13>, ENUMINIT<TypeReference<Primitive<NUMBER> :: Primitive<STRING>>>>\nBEGINFN<Location<f:FUNC_14>, TypeReference<Primitive<STRING>>>\nASSIGNVALUE<Location<l:tmp16>, Location<f:FUNC_14>>\nENUMAPPEND<Location<f:FUNC_14>, Location<l:tmp13>>\nMAPSET<Location<l:mkey_a>, Location<l:tmp13>, Location<l:tmp12>>\nASSIGNEVAL<Location<l:tmp17>, ENUMINIT<TypeReference<Primitive<NUMBER> :: Primitive<STRING>>>>\nBEGINFN<Location<f:FUNC_18>, TypeReference<Primitive<STRING>>>\nASSIGNVALUE<Location<l:tmp20>, Location<f:FUNC_18>>\nENUMAPPEND<Location<f:FUNC_18>, Location<l:tmp17>>\nBEGINFN<Location<f:FUNC_21>, TypeReference<Primitive<STRING>>>\nASSIGNVALUE<Location<l:tmp23>, Location<f:FUNC_21>>\nENUMAPPEND<Location<f:FUNC_21>, Location<l:tmp17>>\nMAPSET<Location<l:mkey_b>, Location<l:tmp17>, Location<l:tmp12>>\nASSIGNEVAL<Location<s:var_t6>, MAPINIT<TypeReference<ENUMERABLE<Primitive<NUMBER> :: Primitive<STRING>>>>>\nASSIGNEVAL<Location<l:tmp24>, MAPGET<Location<l:mkey_b>, Location<l:tmp12>>>\nBEGINFN<Location<f:ENUM_25>, TypeReference<Primitive<VOID>>>\nENUMERATE<TypeReference<Primitive<NUMBER> :: Primitive<STRING>>, Location<l:tmp24>, Location<f:ENUM_25>>\n"]
	"f:FUNC_0" [shape=rectangle,label="f:FUNC_0\nFNPARAM<TypeReference<Primitive<STRING>>, Location<l:arg_s>>\nFNPARAM<TypeReference<Primitive<STRING>>, Location<l:arg_s2>>\nSCOPEOF<Location<l:retVal>>\nSCOPEOF<Location<l:CFB>>\nASSIGNVALUE<Location<l:CFB>, BooleanReference<false>>\nRETURN1<Location<l:retVal>>\n"]
	"f:FUNC_2" [shape=rectangle,label="f:FUNC_2\nFNPARAM<TypeReference<Primitive<STRING>>, Location<l:arg_s>>\nSCOPEOF<Location<l:CFB>>\nASSIGNVALUE<Location<l:CFB>, BooleanReference<false>>\nRETURN0<>\n"]
	"f:FUNC_14" [shape=rectangle,label="f:FUNC_14\nFNPARAM<TypeReference<Primitive<NUMBER>>, Location<l:arg_arg1>>\nSCOPEOF<Location<l:retVal>>\nSCOPEOF<Location<l:CFB>>\nASSIGNVALUE<Location<l:CFB>, BooleanReference<false>>\nASSIGNVALUE<Location<l:CFB>, BooleanReference<true>>\nASSIGNVALUE<Location<l:tmp15>, StringReference<hello>>\nASSIGNVALUE<Location<l:retVal>, StringReference<hello>>\nRETURN1<StringReference<hello>>\n"]
	"f:FUNC_18" [shape=rectangle,label="f:FUNC_18\nFNPARAM<TypeReference<Primitive<NUMBER>>, Location<l:arg_arg1>>\nSCOPEOF<Location<l:retVal>>\nSCOPEOF<Location<l:CFB>>\nASSIGNVALUE<Location<l:CFB>, BooleanReference<false>>\nASSIGNVALUE<Location<l:CFB>, BooleanReference<true>>\nASSIGNVALUE<Location<l:tmp19>, StringReference<goodbye>>\nASSIGNVALUE<Location<l:retVal>, StringReference<goodbye>>\nRETURN1<StringReference<goodbye>>\n"]
	"f:FUNC_21" [shape=rectangle,label="f:FUNC_21\nFNPARAM<TypeReference<Primitive<NUMBER>>, Location<l:arg_arg1>>\nSCOPEOF<Location<l:retVal>>\nSCOPEOF<Location<l:CFB>>\nASSIGNVALUE<Location<l:CFB>, BooleanReference<false>>\nASSIGNVALUE<Location<l:CFB>, BooleanReference<true>>\nASSIGNVALUE<Location<l:tmp22>, StringReference<zoinks>>\nASSIGNVALUE<Location<l:retVal>, StringReference<zoinks>>\nRETURN1<StringReference<zoinks>>\n"]
	"f:ENUM_25" [shape=rectangle,label="f:ENUM_25\nFNPARAM<TypeReference<Primitive<NUMBER> :: Primitive<STRING>>, Location<l:arg_joe>>\nFNPARAM<TypeReference<Primitive<NUMBER>>, Location<l:UNUSEDarg_idx>>\nASSIGNVALUE<Location<l:tmp26>, StringReference<mama>>\nASSIGNEVAL<Location<l:tmp27>, CALL1<Location<l:var_tag>, StringReference<mama>>>\n"]
	"POSTCALL:l:var_tag:84" [shape=rectangle,label="POSTCALL:l:var_tag:84\nASSIGNVALUE<Location<l:tmp28>, StringReference<is a nice woman>>\nASSIGNEVAL<Location<l:tmp29>, CALL1<Location<l:tmp27>, StringReference<is a nice woman>>>\n"]
	"AmbiguousFunction:l:var_tag:84" [shape=rectangle,label="AmbiguousFunction:l:var_tag:84\n"]
	"POSTCALL:l:tmp27:86" [shape=rectangle,label="POSTCALL:l:tmp27:86\nASSIGNVALUE<Location<l:tmp30>, TypeReference<Primitive<VOID>>>\nBEGINFN<Location<f:WITH_31>, TypeReference<Primitive<VOID>>>\nWITH<Location<l:tmp29>, Location<f:WITH_31>>\n"]
	"AmbiguousFunction:l:tmp27:86" [shape=rectangle,label="AmbiguousFunction:l:tmp27:86\n"]
	"f:WITH_31" [shape=rectangle,label="f:WITH_31\nFNPARAM<Location<l:tmp30>, Location<l:res__>>\nASSIGNVALUE<Location<l:tmp32>, NumberReference<4.000000>>\nASSIGNVALUE<Location<l:tmp33>, NumberReference<1.000000>>\nENUMSET<Location<l:var_t1>, NumberReference<1.000000>, NumberReference<4.000000>>\nRETURN0<>\n"]
	"POSTCALL:f:WITH_31:95" [shape=rectangle,label="POSTCALL:f:WITH_31:95\nRETURN0<>\n"]
	"POSTCALL:f:ENUM_25:97" [shape=rectangle,label="POSTCALL:f:ENUM_25:97\nASSIGNEVAL<Location<l:tmp34>, MAPGET<Location<l:mkey_b>, Location<s:var_t6>>>\nBEGINFN<Location<f:ENUM_35>, TypeReference<Primitive<VOID>>>\nENUMERATE<TypeReference<Primitive<NUMBER> :: Primitive<STRING>>, Location<l:tmp34>, Location<f:ENUM_35>>\n"]
	"f:ENUM_35" [shape=rectangle,label="f:ENUM_35\nFNPARAM<TypeReference<Primitive<NUMBER> :: Primitive<STRING>>, Location<s:arg_var>>\nFNPARAM<TypeReference<Primitive<NUMBER>>, Location<l:UNUSEDarg_idx>>\nASSIGNVALUE<Location<l:tmp36>, StringReference<tag>>\nASSIGNEVAL<Location<l:tmp37>, CALL1<Location<l:var_tag>, StringReference<tag>>>\n"]
	"POSTCALL:l:var_tag:105" [shape=rectangle,label="POSTCALL:l:var_tag:105\nASSIGNVALUE<Location<l:tmp38>, StringReference<str>>\nASSIGNEVAL<Location<l:tmp39>, CALL1<Location<l:tmp37>, StringReference<str>>>\n"]
	"AmbiguousFunction:l:var_tag:105" [shape=rectangle,label="AmbiguousFunction:l:var_tag:105\n"]
	"POSTCALL:l:tmp37:107" [shape=rectangle,label="POSTCALL:l:tmp37:107\nASSIGNVALUE<Location<l:tmp40>, TypeReference<Primitive<VOID>>>\nBEGINFN<Location<f:WITH_41>, TypeReference<Primitive<VOID>>>\nWITH<Location<l:tmp39>, Location<f:WITH_41>>\n"]
	"AmbiguousFunction:l:tmp37:107" [shape=rectangle,label="AmbiguousFunction:l:tmp37:107\n"]
	"f:WITH_41" [shape=rectangle,label="f:WITH_41\nFNPARAM<Location<l:tmp40>, Location<s:res_w>>\nASSIGNVALUE<Location<l:tmp42>, StringReference<string>>\nCALL1<Location<l:var_log>, StringReference<string>>\n"]
	"POSTCALL:l:var_log:113" [shape=rectangle,label="POSTCALL:l:var_log:113\nRETURN0<>\n"]
	"AmbiguousFunction:l:var_log:113" [shape=rectangle,label="AmbiguousFunction:l:var_log:113\n"]
	"POSTCALL:f:WITH_41:115" [shape=rectangle,label="POSTCALL:f:WITH_41:115\nRETURN0<>\n"]
	"POSTCALL:f:ENUM_35:117" [shape=rectangle,label="POSTCALL:f:ENUM_35:117\nASSIGNEVAL<Location<l:tmp43>, MAPGET<Location<l:mkey_b>, Location<s:var_t6>>>\nBEGINFN<Location<f:ENUM_44>, TypeReference<Primitive<VOID>>>\nENUMERATE<TypeReference<Primitive<NUMBER> :: Primitive<STRING>>, Location<l:tmp43>, Location<f:ENUM_44>>\n"]
	"f:ENUM_44" [shape=rectangle,label="f:ENUM_44\nFNPARAM<TypeReference<Primitive<NUMBER> :: Primitive<STRING>>, Location<l:arg_v>>\nFNPARAM<TypeReference<Primitive<NUMBER>>, Location<l:arg_i>>\nRETURN0<>\n"]
	"POSTCALL:f:ENUM_44:124" [shape=rectangle,label="POSTCALL:f:ENUM_44:124\nASSIGNEVAL<Location<l:tmp45>, MAPGET<Location<l:mkey_b>, Location<s:var_t6>>>\nBEGINFN<Location<f:ENUM_46>, TypeReference<Primitive<VOID>>>\nENUMERATE<TypeReference<Primitive<NUMBER> :: Primitive<STRING>>, Location<l:tmp45>, Location<f:ENUM_46>>\n"]
	"f:ENUM_46" [shape=rectangle,label="f:ENUM_46\nFNPARAM<TypeReference<Primitive<NUMBER> :: Primitive<STRING>>, Location<s:arg_v>>\nFNPARAM<TypeReference<Primitive<NUMBER>>, Location<l:arg_i>>\nRETURN0<>\n"]
	"POSTCALL:f:ENUM_46:131" [shape=rectangle,label="POSTCALL:f:ENUM_46:131\nASSIGNEVAL<Location<l:tmp47>, MAPGET<Location<l:mkey_b>, Location<s:var_t6>>>\nBEGINFN<Location<f:ENUM_48>, TypeReference<Primitive<VOID>>>\nENUMERATE<TypeReference<Primitive<NUMBER> :: Primitive<STRING>>, Location<l:tmp47>, Location<f:ENUM_48>>\n"]
	"f:ENUM_48" [shape=rectangle,label="f:ENUM_48\nFNPARAM<TypeReference<Primitive<NUMBER> :: Primitive<STRING>>, Location<l:arg_v>>\nFNPARAM<TypeReference<Primitive<NUMBER>>, Location<s:arg_i>>\nRETURN0<>\n"]
	"POSTCALL:f:ENUM_48:138" [shape=rectangle,label="POSTCALL:f:ENUM_48:138\nASSIGNEVAL<Location<l:tmp49>, MAPGET<Location<l:mkey_b>, Location<s:var_t6>>>\nBEGINFN<Location<f:ENUM_50>, TypeReference<Primitive<VOID>>>\nENUMERATE<TypeReference<Primitive<NUMBER> :: Primitive<STRING>>, Location<l:tmp49>, Location<f:ENUM_50>>\n"]
	"f:ENUM_50" [shape=rectangle,label="f:ENUM_50\nFNPARAM<TypeReference<Primitive<NUMBER> :: Primitive<STRING>>, Location<s:arg_v>>\nFNPARAM<TypeReference<Primitive<NUMBER>>, Location<s:arg_i>>\nRETURN0<>\n"]
	"POSTCALL:f:ENUM_50:145" [shape=rectangle,label="POSTCALL:f:ENUM_50:145\nASSIGNVALUE<Location<l:whileCond>, BooleanReference<false>>\nBEGINFN<Location<f:WHILECOND_51>, TypeReference<Primitive<BOOLEAN>>>\nBEGINFN<Location<f:WHILE_67>, TypeReference<Primitive<VOID>>>\nASSIGNEVAL<Location<l:whileCond>, CALL0<Location<f:WHILECOND_51>>>\n"]
	"f:WHILECOND_51" [shape=rectangle,label="f:WHILECOND_51\nASSIGNVALUE<Location<l:tmp52>, NumberReference<0.000000>>\nASSIGNEVAL<Location<l:tmp53>, GT<Location<l:var_t3>, NumberReference<0.000000>>>\nASSIGNVALUE<Location<l:tmp54>, NumberReference<1.000000>>\nASSIGNEVAL<Location<l:tmp55>, NEG<NumberReference<1.000000>>>\nASSIGNEVAL<Location<l:tmp56>, GTE<Location<l:var_t3>, Location<l:tmp55>>>\nASSIGNEVAL<Location<l:tmp57>, AND<Location<l:tmp53>, Location<l:tmp56>>>\nASSIGNVALUE<Location<l:tmp58>, StringReference<jinkies>>\nASSIGNEVAL<Location<l:tmp59>, EQUAL<Location<s:var_t4>, StringReference<jinkies>>>\nASSIGNEVAL<Location<l:tmp59>, NOT<Location<l:tmp59>>>\nASSIGNEVAL<Location<l:tmp60>, AND<Location<l:tmp57>, Location<l:tmp59>>>\nASSIGNVALUE<Location<l:tmp61>, NumberReference<5.000000>>\nASSIGNEVAL<Location<l:tmp62>, LT<Location<l:var_t3>, NumberReference<5.000000>>>\nASSIGNEVAL<Location<l:tmp63>, AND<Location<l:tmp60>, Location<l:tmp62>>>\nASSIGNVALUE<Location<l:tmp64>, NumberReference<4.000000>>\nASSIGNEVAL<Location<l:tmp65>, LTE<Location<l:var_t3>, NumberReference<4.000000>>>\nASSIGNEVAL<Location<l:tmp66>, AND<Location<l:tmp63>, Location<l:tmp65>>>\nRETURN1<Location<l:tmp66>>\n"]
	"f:WHILE_67" [shape=rectangle,label="f:WHILE_67\nSCOPEOF<Location<l:CFBWhile>>\nASSIGNVALUE<Location<l:CFBWhile>, BooleanReference<false>>\nBEGINFN<Location<f:IFBODY_68>, TypeReference<Primitive<VOID>>>\nASSIGNVALUE<Location<l:tmp69>, NumberReference<2.000000>>\nASSIGNEVAL<Location<l:tmp70>, EQUAL<Location<l:var_t3>, NumberReference<2.000000>>>\nCALLIF0<Location<l:tmp70>, Location<f:IFBODY_68>>\n"]
	"f:IFBODY_68" [shape=rectangle,label="f:IFBODY_68\nASSIGNEVAL<Location<l:whileCond>, CALL0<Location<f:WHILECOND_51>>>\n"]
	"POSTCALL:f:WHILECOND_51:174" [shape=rectangle,label="POSTCALL:f:WHILECOND_51:174\nASSIGNVALUE<Location<l:CFBWhile>, BooleanReference<true>>\nRETURN0<>\n"]
	"POSTCALL:f:IFBODY_68:180" [shape=rectangle,label="POSTCALL:f:IFBODY_68:180\nBEGINFN<Location<f:SUBFUNC_71>, TypeReference<Primitive<VOID>>>\nCALLELSE0<Location<l:CFBWhile>, Location<f:SUBFUNC_71>>\n"]
	"f:SUBFUNC_71" [shape=rectangle,label="f:SUBFUNC_71\nBEGINFN<Location<f:IFBODY_72>, TypeReference<Primitive<VOID>>>\nASSIGNVALUE<Location<l:tmp81>, NumberReference<1.000000>>\nASSIGNEVAL<Location<l:tmp82>, EQUAL<Location<l:var_t3>, NumberReference<1.000000>>>\nCALLIF0<Location<l:tmp82>, Location<f:IFBODY_72>>\n"]
	"f:IFBODY_72" [shape=rectangle,label="f:IFBODY_72\nSCOPEOF<Location<l:var_func>>\nBEGINFN<Location<f:FUNC_73>, TypeReference<Primitive<VOID>>>\nASSIGNVALUE<Location<l:tmp74>, Location<f:FUNC_73>>\nASSIGNVALUE<Location<l:var_func>, Location<f:FUNC_73>>\nSCOPEOF<Location<s:var_func2>>\nBEGINFN<Location<f:FUNC_75>, TypeReference<Primitive<BOOLEAN>>>\nASSIGNVALUE<Location<l:tmp80>, Location<f:FUNC_75>>\nASSIGNVALUE<Location<s:var_func2>, Location<f:FUNC_75>>\nASSIGNVALUE<Location<l:whileCond>, BooleanReference<false>>\nASSIGNVALUE<Location<l:CFBWhile>, BooleanReference<true>>\nRETURN0<>\n"]
	"f:FUNC_73" [shape=rectangle,label="f:FUNC_73\nSCOPEOF<Location<l:CFB>>\nASSIGNVALUE<Location<l:CFB>, BooleanReference<false>>\nASSIGNVALUE<Location<l:CFB>, BooleanReference<true>>\nRETURN0<>\n"]
	"f:FUNC_75" [shape=rectangle,label="f:FUNC_75\nSCOPEOF<Location<l:retVal>>\nSCOPEOF<Location<l:CFB>>\nASSIGNVALUE<Location<l:CFB>, BooleanReference<false>>\nASSIGNVALUE<Location<l:CFB>, BooleanReference<true>>\nASSIGNVALUE<Location<l:tmp76>, BooleanReference<true>>\nASSIGNVALUE<Location<l:tmp77>, BooleanReference<false>>\nASSIGNEVAL<Location<l:tmp78>, OR<BooleanReference<true>, BooleanReference<false>>>\nASSIGNEVAL<Location<l:tmp79>, NOT<Location<l:tmp78>>>\nASSIGNEVAL<Location<l:retVal>, NOT<Location<l:tmp78>>>\nRETURN1<Location<l:tmp79>>\n"]
	"POSTCALL:f:IFBODY_72:211" [shape=rectangle,label="POSTCALL:f:IFBODY_72:211\nRETURN0<>\n"]
	"POSTCALL:f:SUBFUNC_71:213" [shape=rectangle,label="POSTCALL:f:SUBFUNC_71:213\nBEGINFN<Location<f:SUBFUNC_83>, TypeReference<Primitive<VOID>>>\nCALLELSE0<Location<l:CFBWhile>, Location<f:SUBFUNC_83>>\n"]
	"f:SUBFUNC_83" [shape=rectangle,label="f:SUBFUNC_83\nASSIGNVALUE<Location<l:tmp84>, NumberReference<0.100000>>\nASSIGNEVAL<Location<l:tmp85>, PLUS<Location<l:var_t3>, NumberReference<0.100000>>>\nASSIGNEVAL<Location<l:var_t3>, PLUS<Location<l:var_t3>, NumberReference<0.100000>>>\nASSIGNVALUE<Location<l:tmp86>, NumberReference<1.100000>>\nASSIGNEVAL<Location<l:tmp87>, MINUS<Location<l:tmp85>, NumberReference<1.100000>>>\nASSIGNEVAL<Location<l:var_t3>, MINUS<Location<l:tmp85>, NumberReference<1.100000>>>\nASSIGNVALUE<Location<l:tmp88>, NumberReference<1.000000>>\nASSIGNEVAL<Location<l:tmp89>, TIMES<Location<l:tmp87>, NumberReference<1.000000>>>\nASSIGNEVAL<Location<l:var_t3>, TIMES<Location<l:tmp87>, NumberReference<1.000000>>>\nASSIGNVALUE<Location<l:tmp90>, NumberReference<1.000000>>\nASSIGNEVAL<Location<l:tmp91>, DIVIDE<Location<l:tmp89>, NumberReference<1.000000>>>\nASSIGNEVAL<Location<l:var_t3>, DIVIDE<Location<l:tmp89>, NumberReference<1.000000>>>\nASSIGNVALUE<Location<l:tmp92>, NumberReference<1.000000>>\nASSIGNEVAL<Location<l:tmp93>, POWER<Location<l:tmp91>, NumberReference<1.000000>>>\nASSIGNEVAL<Location<l:var_t3>, POWER<Location<l:tmp91>, NumberReference<1.000000>>>\nASSIGNVALUE<Location<l:tmp94>, NumberReference<1.000000>>\nASSIGNEVAL<Location<l:tmp95>, MOD<Location<l:tmp93>, NumberReference<1.000000>>>\nASSIGNEVAL<Location<l:var_t3>, MOD<Location<l:tmp93>, NumberReference<1.000000>>>\nASSIGNVALUE<Location<l:tmp96>, StringReference<s>>\nASSIGNEVAL<Location<l:tmp97>, STRCONCAT<Location<s:var_t4>, StringReference<s>>>\nASSIGNEVAL<Location<s:var_t4>, STRCONCAT<Location<s:var_t4>, StringReference<s>>>\nRETURN0<>\n"]
	"POSTCALL:f:SUBFUNC_83:244" [shape=rectangle,label="POSTCALL:f:SUBFUNC_83:244\nCALLELSE0<Location<l:CFBWhile>, Location<f:WHILECOND_51>>\n"]
	"POSTCALL:f:WHILECOND_51:245" [shape=rectangle,label="POSTCALL:f:WHILECOND_51:245\nRETURN0<>\n"]
	"POSTCALL:f:WHILECOND_51:247" [shape=rectangle,label="POSTCALL:f:WHILECOND_51:247\nWHILE<Location<l:whileCond>, Location<f:WHILE_67>>\n"]
	"POSTCALL:f:WHILE_67:248" [shape=rectangle,label="POSTCALL:f:WHILE_67:248\nASSIGNVALUE<Location<l:tmp98>, NumberReference<1.000000>>\nASSIGNVALUE<Location<l:tmp99>, NumberReference<2.000000>>\nASSIGNVALUE<Location<l:tmp100>, NumberReference<3.000000>>\nASSIGNEVAL<Location<l:tmp101>, MINUS<NumberReference<2.000000>, NumberReference<3.000000>>>\nASSIGNVALUE<Location<l:tmp102>, NumberReference<4.000000>>\nASSIGNEVAL<Location<l:tmp103>, NEG<NumberReference<4.000000>>>\nASSIGNEVAL<Location<l:tmp104>, DIVIDE<Location<l:tmp101>, Location<l:tmp103>>>\nASSIGNVALUE<Location<l:tmp105>, NumberReference<1.000000>>\nASSIGNVALUE<Location<l:tmp106>, NumberReference<5.000000>>\nASSIGNEVAL<Location<l:tmp107>, POWER<NumberReference<1.000000>, NumberReference<5.000000>>>\nASSIGNEVAL<Location<l:tmp108>, MOD<Location<l:tmp104>, Location<l:tmp107>>>\nASSIGNEVAL<Location<l:tmp109>, PLUS<NumberReference<1.000000>, Location<l:tmp108>>>\nASSIGNEVAL<Location<l:var_t3>, PLUS<NumberReference<1.000000>, Location<l:tmp108>>>\nASSIGNVALUE<Location<l:tmp110>, BooleanReference<true>>\nASSIGNVALUE<Location<l:var_t7>, BooleanReference<true>>\nASSIGNVALUE<Location<l:tmp111>, BooleanReference<false>>\nASSIGNEVAL<Location<l:tmp112>, AND<BooleanReference<true>, BooleanReference<false>>>\nASSIGNEVAL<Location<l:var_t7>, AND<BooleanReference<true>, BooleanReference<false>>>\nASSIGNVALUE<Location<l:tmp113>, BooleanReference<true>>\nASSIGNEVAL<Location<l:tmp114>, OR<Location<l:tmp112>, BooleanReference<true>>>\nASSIGNEVAL<Location<l:var_t7>, OR<Location<l:tmp112>, BooleanReference<true>>>\nASSIGNEVAL<Location<l:tmp115>, STRCONCAT<Location<s:var_t4>, Location<s:var_t4>>>\nASSIGNEVAL<Location<s:var_t4>, STRCONCAT<Location<s:var_t4>, Location<s:var_t4>>>\nBEGINFN<Location<f:FUNC_116>, TypeReference<Primitive<TYPE>>>\nASSIGNVALUE<Location<l:tmp118>, Location<f:FUNC_116>>\nASSIGNVALUE<Location<l:var_t8>, Location<f:FUNC_116>>\nBEGINFN<Location<f:FUNC_119>, TypeReference<Primitive<TYPE>>>\nASSIGNVALUE<Location<l:tmp121>, Location<f:FUNC_119>>\nASSIGNVALUE<Location<s:var_t9>, Location<f:FUNC_119>>\nASSIGNVALUE<Location<l:tmp122>, NumberReference<6.000000>>\nASSIGNEVAL<Location<l:tmp123>, CALL1<Location<f:FUNC_116>, NumberReference<6.000000>>>\n"]
	"f:FUNC_116" [shape=rectangle,label="f:FUNC_116\nFNPARAM<TypeReference<Primitive<NUMBER>>, Location<l:arg_arg1>>\nFNPARAM<TypeReference<Primitive<TYPE>>, Location<l:arg_arg2>>\nSCOPEOF<Location<l:retVal>>\nSCOPEOF<Location<l:CFB>>\nASSIGNVALUE<Location<l:CFB>, BooleanReference<false>>\nASSIGNVALUE<Location<l:CFB>, BooleanReference<true>>\nASSIGNVALUE<Location<l:tmp117>, TypeReference<Primitive<NUMBER>>>\nASSIGNVALUE<Location<l:retVal>, TypeReference<Primitive<NUMBER>>>\nRETURN1<TypeReference<Primitive<NUMBER>>>\n"]
	"f:FUNC_119" [shape=rectangle,label="f:FUNC_119\nSCOPEOF<Location<l:retVal>>\nSCOPEOF<Location<l:CFB>>\nASSIGNVALUE<Location<l:CFB>, BooleanReference<false>>\nASSIGNVALUE<Location<l:CFB>, BooleanReference<true>>\nASSIGNVALUE<Location<l:tmp120>, TypeReference<Primitive<NUMBER>>>\nASSIGNVALUE<Location<l:retVal>, TypeReference<Primitive<NUMBER>>>\nRETURN1<TypeReference<Primitive<NUMBER>>>\n"]
	"POSTCALL:l:var_t8:300" [shape=rectangle,label="POSTCALL:l:var_t8:300\nASSIGNVALUE<Location<l:tmp124>, TypeReference<Primitive<TYPE>>>\nASSIGNEVAL<Location<l:tmp125>, CALL1<Location<l:tmp123>, TypeReference<Primitive<TYPE>>>>\n"]
	"AmbiguousFunction:l:var_t8:300" [shape=rectangle,label="AmbiguousFunction:l:var_t8:300\n"]
	"POSTCALL:l:tmp123:302" [shape=rectangle,label="POSTCALL:l:tmp123:302\nASSIGNEVAL<Location<l:var_t10>, CALL1<Location<l:tmp123>, TypeReference<Primitive<TYPE>>>>\nASSIGNEVAL<Location<l:tmp126>, CALL0<Location<s:var_t9>>>\n"]
	"AmbiguousFunction:l:tmp123:302" [shape=rectangle,label="AmbiguousFunction:l:tmp123:302\n"]
	"POSTCALL:s:var_t9:305" [shape=rectangle,label="POSTCALL:s:var_t9:305\nASSIGNEVAL<Location<l:var_t10>, CALL0<Location<s:var_t9>>>\nBEGINFN<Location<f:FUNC_127>, TypeReference<Primitive<NUMBER> :: Primitive<TYPE> :: Primitive<TYPE>>>\nASSIGNVALUE<Location<l:tmp131>, Location<f:FUNC_127>>\nASSIGNEVAL<Location<l:tmp132>, CALL0<Location<f:FUNC_127>>>\n"]
	"AmbiguousFunction:s:var_t9:305" [shape=rectangle,label="AmbiguousFunction:s:var_t9:305\n"]
	"f:FUNC_127" [shape=rectangle,label="f:FUNC_127\nSCOPEOF<Location<l:retVal>>\nSCOPEOF<Location<l:CFB>>\nASSIGNVALUE<Location<l:CFB>, BooleanReference<false>>\nASSIGNVALUE<Location<l:CFB>, BooleanReference<true>>\nBEGINFN<Location<f:FUNC_128>, TypeReference<Primitive<TYPE>>>\nASSIGNVALUE<Location<l:tmp130>, Location<f:FUNC_128>>\nASSIGNVALUE<Location<l:retVal>, Location<f:FUNC_128>>\nRETURN1<Location<f:FUNC_128>>\n"]
	"f:FUNC_128" [shape=rectangle,label="f:FUNC_128\nFNPARAM<TypeReference<Primitive<NUMBER>>, Location<l:arg_a>>\nFNPARAM<TypeReference<Primitive<TYPE>>, Location<l:arg_b>>\nSCOPEOF<Location<l:retVal>>\nSCOPEOF<Location<l:CFB>>\nASSIGNVALUE<Location<l:CFB>, BooleanReference<false>>\nASSIGNVALUE<Location<l:CFB>, BooleanReference<true>>\nASSIGNVALUE<Location<l:tmp129>, TypeReference<Primitive<STRING>>>\nASSIGNVALUE<Location<l:retVal>, TypeReference<Primitive<STRING>>>\nRETURN1<TypeReference<Primitive<STRING>>>\n"]
	"POSTCALL:l:tmp131:326" [shape=rectangle,label="POSTCALL:l:tmp131:326\nASSIGNEVAL<Location<l:var_t8>, CALL0<Location<f:FUNC_127>>>\n"]
	"AmbiguousFunction:l:tmp131:326" [shape=rectangle,label="AmbiguousFunction:l:tmp131:326\n"]
	"f:ENUM_25"->"AmbiguousFunction:l:var_tag:84" [label="call"]
	"AmbiguousFunction:l:var_tag:84"->"POSTCALL:l:var_tag:84" [label="return"]
	"POSTCALL:l:var_tag:84"->"AmbiguousFunction:l:tmp27:86" [label="call"]
	"AmbiguousFunction:l:tmp27:86"->"POSTCALL:l:tmp27:86" [label="return"]
	"POSTCALL:l:tmp27:86"->"f:WITH_31" [label="call"]
	"f:WITH_31"->"POSTCALL:f:WITH_31:95" [label="return"]
	"Top"->"f:ENUM_25" [label="call"]
	"POSTCALL:f:WITH_31:95"->"POSTCALL:f:ENUM_25:97" [label="return"]
	"f:ENUM_35"->"AmbiguousFunction:l:var_tag:105" [label="call"]
	"AmbiguousFunction:l:var_tag:105"->"POSTCALL:l:var_tag:105" [label="return"]
	"POSTCALL:l:var_tag:105"->"AmbiguousFunction:l:tmp37:107" [label="call"]
	"AmbiguousFunction:l:tmp37:107"->"POSTCALL:l:tmp37:107" [label="return"]
	"f:WITH_41"->"AmbiguousFunction:l:var_log:113" [label="call"]
	"AmbiguousFunction:l:var_log:113"->"POSTCALL:l:var_log:113" [label="return"]
	"POSTCALL:l:tmp37:107"->"f:WITH_41" [label="call"]
	"POSTCALL:l:var_log:113"->"POSTCALL:f:WITH_41:115" [label="return"]
	"POSTCALL:f:ENUM_25:97"->"f:ENUM_35" [label="call"]
	"POSTCALL:f:WITH_41:115"->"POSTCALL:f:ENUM_35:117" [label="return"]
	"POSTCALL:f:ENUM_35:117"->"f:ENUM_44" [label="call"]
	"f:ENUM_44"->"POSTCALL:f:ENUM_44:124" [label="return"]
	"POSTCALL:f:ENUM_44:124"->"f:ENUM_46" [label="call"]
	"f:ENUM_46"->"POSTCALL:f:ENUM_46:131" [label="return"]
	"POSTCALL:f:ENUM_46:131"->"f:ENUM_48" [label="call"]
	"f:ENUM_48"->"POSTCALL:f:ENUM_48:138" [label="return"]
	"POSTCALL:f:ENUM_48:138"->"f:ENUM_50" [label="call"]
	"f:ENUM_50"->"POSTCALL:f:ENUM_50:145" [label="return"]
	"f:IFBODY_68"->"f:WHILECOND_51" [label="call"]
	"f:WHILECOND_51"->"POSTCALL:f:WHILECOND_51:174" [label="return"]
	"f:WHILE_67"->"f:IFBODY_68" [label="call"]
	"POSTCALL:f:WHILECOND_51:174"->"POSTCALL:f:IFBODY_68:180" [label="return"]
	"f:WHILE_67"->"POSTCALL:f:IFBODY_68:180" [label="fall"]
	"f:SUBFUNC_71"->"f:IFBODY_72" [label="call"]
	"f:IFBODY_72"->"POSTCALL:f:IFBODY_72:211" [label="return"]
	"f:SUBFUNC_71"->"POSTCALL:f:IFBODY_72:211" [label="fall"]
	"POSTCALL:f:IFBODY_68:180"->"f:SUBFUNC_71" [label="call"]
	"POSTCALL:f:IFBODY_72:211"->"POSTCALL:f:SUBFUNC_71:213" [label="return"]
	"POSTCALL:f:IFBODY_68:180"->"POSTCALL:f:SUBFUNC_71:213" [label="fall"]
	"POSTCALL:f:SUBFUNC_71:213"->"f:SUBFUNC_83" [label="call"]
	"f:SUBFUNC_83"->"POSTCALL:f:SUBFUNC_83:244" [label="return"]
	"POSTCALL:f:SUBFUNC_71:213"->"POSTCALL:f:SUBFUNC_83:244" [label="fall"]
	"POSTCALL:f:SUBFUNC_83:244"->"f:WHILECOND_51" [label="call"]
	"f:WHILECOND_51"->"POSTCALL:f:WHILECOND_51:245" [label="return"]
	"POSTCALL:f:SUBFUNC_83:244"->"POSTCALL:f:WHILECOND_51:245" [label="fall"]
	"POSTCALL:f:ENUM_50:145"->"f:WHILECOND_51" [label="call"]
	"f:WHILECOND_51"->"POSTCALL:f:WHILECOND_51:247" [label="return"]
	"POSTCALL:f:WHILECOND_51:247"->"f:WHILE_67" [label="call"]
	"POSTCALL:f:WHILECOND_51:245"->"POSTCALL:f:WHILE_67:248" [label="return"]
	"POSTCALL:f:WHILE_67:248"->"AmbiguousFunction:l:var_t8:300" [label="call"]
	"AmbiguousFunction:l:var_t8:300"->"POSTCALL:l:var_t8:300" [label="return"]
	"POSTCALL:l:var_t8:300"->"AmbiguousFunction:l:tmp123:302" [label="call"]
	"AmbiguousFunction:l:tmp123:302"->"POSTCALL:l:tmp123:302" [label="return"]
	"POSTCALL:l:tmp123:302"->"AmbiguousFunction:s:var_t9:305" [label="call"]
	"AmbiguousFunction:s:var_t9:305"->"POSTCALL:s:var_t9:305" [label="return"]
	"POSTCALL:s:var_t9:305"->"AmbiguousFunction:l:tmp131:326" [label="call"]
	"AmbiguousFunction:l:tmp131:326"->"POSTCALL:l:tmp131:326" [label="return"]
}
[32m[SUCCESS] [0mOutput CFG.
[0m