[Type Error] [l: 3, c: 1] Condition for if statement not boolean T<TSTRING>.