[32m[SUCCESS] [0mTest passed: 021_map_node_accesses
[0m