[32m[SUCCESS] [0mTest passed: 032_job_worker_filters
[0m