[34m[INFO] [0mbase == same
[0m[34m[INFO] [0mexpression match
[0m[34m[INFO] [0mboolBase == expression
[0m[34m[INFO] [0mempty == empty
[0m[34m[INFO] [0mbase[a] == 3.14
[0m