ProgramNode<#body: 2>
  VariableDeclarationNode<name: myEnum>
    EnumerableTypeNode<of: PrimitiveTypeNode<of: TNUM, shared: false>, shared: false>
    EnumerationLiteralExpressionNode<#actuals: 1>
      NumberLiteralExpressionNode<#value: 1.000000>
  EnumerationStatement<e: myEnum, as: myItem, #body: 0>
[32m[SUCCESS] [0mParsed input program.
[0m