[32m[SUCCESS] [0mTest passed: 022_local_store_lval
[0m