[1m[31m[Type Error] [0m[1m[l: 1, c: 12] [0mInvalid argument of type Primitive<NUMBER> in position 0 (expected: Primitive<STRING>).
[0m[1m[31m[Type Error] [0m[1m[l: 2, c: 1] [0mAttempted to initialize identifier of type Primitive<STRING> with value of type Primitive<NUMBER>.
[0m