[32m[SUCCESS] [0mTest passed: 034_basic_isa
[0m