[32m[SUCCESS] [0mTest passed: 023_enum_node_accesses
[0m