[32m[SUCCESS] [0mTest passed: 024_shared_variables
[0m