[34m[INFO] [0mtrue
[0m[34m[INFO] [0mtrue
[0m[34m[INFO] [0mtrue
[0m[34m[INFO] [0mtrue
[0m[34m[INFO] [0m4.000000
[0m[34m[INFO] [0m4.000000
[0m[34m[INFO] [0mtrue
[0m[34m[INFO] [0mtrue
[0m[34m[INFO] [0mHello, World!Hello, !!World!!!
[0m[34m[INFO] [0mHello, World!Hello, !!World!!!
[0m