[32m[SUCCESS] [0mTest passed: 030_local_symbol_serialize
[0m