[1m[31m[Type Error] [0m[1m[l: 2, c: 1] [0mAttempted to assign value of type T<TSTRING> to lval of type T<TBOOL>.
[0m